/* Test include files: */

 haystacks  needles 

/* Test maps: */


  "one": type_a    "two": type_b    "three": other  

/* Test nested outlines: */


  item0:  sub0;  sub1; 

  item1:  sub2;  sub3; 

  item2: 


/* Test pasting: */
 something_test 
foobar

/* Test case transformations: */

  lower: _set_cpu_speed_23_foo
  upper: _SET_CPU_SPEED_23_FOO
  camel: _SetCpuSpeed23Foo
  mixed: _setCpuSpeed23Foo

  lower: _
  upper: _
  camel: _
  mixed: _


/* Test "for" modifiers: */

 a  b  c 
 a , b , c , d 
 d  c  b  a 
 c , b , a 

/* Test outline unions: */
 haystacks  needles  last 
