#include <stdio.h>



/* List the settings in a single location: */



/* Generate a structure to hold the settings: */
typedef struct {
   int width;  int height;  int threads;  char *username;  char *save_dir; 
} Settings;

/* Generate a function to save the settings: */
void save_settings(Settings *s, FILE *f)
{
  
  
  fprintf(f, "%s=%d\n", "width", s->width);
  fprintf(f, "%s=%d\n", "height", s->height);
  fprintf(f, "%s=%d\n", "threads", s->threads);
  fprintf(f, "%s=%s\n", "username", s->username);
  fprintf(f, "%s=%s\n", "save_dir", s->save_dir);
}

int main(int argc, char *argv[])
{
  return 0;
}

/* Test nested outlines: */


  item0:  sub0;  sub1; 

  item1:  sub2;  sub3; 

  item2: 


/* Test pasting: */

 something_test 
foobar

/* Test case transformations: */


  lower: _set_cpu_speed_23_foo
  upper: _SET_CPU_SPEED_23_FOO
  camel: _SetCpuSpeed23Foo
  mixed: _setCpuSpeed23Foo

  lower: _
  upper: _
  camel: _
  mixed: _


/* Test "for" modifiers: */

 a  b  c 
 a , b , c , d 
 d  c  b  a 
 c , b , a 
